// Jest Snapshot v1, https://goo.gl/fbAQLP

exports[`FsxDrawer unMounts its children when unMountChildren property is truthy and isOpen is falsy: <div>Sample Children Div</div> 1`] = `
<div>
  Sample Children Div
</div>
`;
